  console.log
    [dotenv@17.3.1] injecting env (8) from .env -- tip: ÔÜÖ´©Å  load multiple .env files with { path: ['.env.local', '.env'] }

      at _log (node_modules/dotenv/lib/main.js:139:11)

node : (node:12340) 
ExperimentalWarning: VM 
Modules is an 
experimental feature and 
might change at any time
No linha:1 caractere:1
+ node 
--experimental-vm-modules 
node_modules/jest/bin/jest
.js __test__ ...
+ ~~~~~~~~~~~~~~~~~~~~~~~~
~~~~~~~~~~~~~~~~~~~~~~~~~~
~~~~~~~~~~~~~~~~~~~
    + CategoryInfo        
      : NotSpecified: ((  
  node:12340) Ex...nge    
 at any time:String) [    
], RemoteException
    + FullyQualifiedError 
   Id : NativeCommandErr  
  or
 
(Use `node 
--trace-warnings ...` to 
show where the warning 
was created)
FAIL __test__\__tests-inte
gra├º├úo__\auth.rt.test.ts
  Testes de Integra├º├úo 
- Rotas de Autentica├º├úo 
(Banco Real)
    ├ù POST /auth/login - 
Deve retornar accessToken 
e refreshToken REAIS do 
banco (1 ms)
    ├ù POST /auth/login - 
Deve falhar com senha 
errada batendo no banco 
real

  ÔùÅ Testes de 
Integra├º├úo - Rotas de 
Autentica├º├úo (Banco 
Real) ÔÇ║ POST 
/auth/login - Deve 
retornar accessToken e 
refreshToken REAIS do 
banco

    error: 
autentica´┐¢´┐¢o do tipo 
senha falhou para o 
usu´┐¢rio "postgres"

      at 
parseErrorMessage (node_mo
dules/pg-protocol/src/pars
er.ts:394:9)
      at 
Parser.handlePacket (node_
modules/pg-protocol/src/pa
rser.ts:212:19)
      at Parser.parse (nod
e_modules/pg-protocol/src/
parser.ts:105:30)
      at 
Socket.<anonymous> (node_m
odules/pg-protocol/src/ind
ex.ts:7:48)

  ÔùÅ Testes de 
Integra├º├úo - Rotas de 
Autentica├º├úo (Banco 
Real) ÔÇ║ POST 
/auth/login - Deve falhar 
com senha errada batendo 
no banco real

    error: 
autentica´┐¢´┐¢o do tipo 
senha falhou para o 
usu´┐¢rio "postgres"

      at 
parseErrorMessage (node_mo
dules/pg-protocol/src/pars
er.ts:394:9)
      at 
Parser.handlePacket (node_
modules/pg-protocol/src/pa
rser.ts:212:19)
      at Parser.parse (nod
e_modules/pg-protocol/src/
parser.ts:105:30)
      at 
Socket.<anonymous> (node_m
odules/pg-protocol/src/ind
ex.ts:7:48)

Test Suites: 1 failed, 1 
total
Tests:       2 failed, 2 
total
Snapshots:   0 total
Time:        1.686 s, 
estimated 2 s
Ran all test suites 
matching __test__/__tests-
integra├º├úo__/auth.rt.tes
t.ts.
