
> back-spim@1.0.0 test
> node --experimental-vm-modules node_modules/jest/bin/jest.js __test__/__tests-unitarios__/ordemServico.test.ts --verbose

  console.log
    [dotenv@17.3.1] injecting env (8) from .env -- tip: ­ƒöÉ encrypt with Dotenvx: https://dotenvx.com

      at _log (node_modules/dotenv/lib/main.js:139:11)

